// Jest Snapshot v1, https://goo.gl/fbAQLP

exports[`Add Note component renders an error page with no folders present 1`] = `
<ErrorPage>
  <div
    className="add-note-form"
  >
    <p>
      Error: No Folders Found
    </p>
  </div>
</ErrorPage>
`;

exports[`Add Note component renders the add note form given props 1`] = `
<ErrorPage>
  <div
    className="add-note-form"
  >
    <p>
      Error: No Folders Found
    </p>
  </div>
</ErrorPage>
`;
